// Jest Snapshot v1, https://goo.gl/fbAQLP

exports[`Home page matches snapshot 1`] = `
<DocumentFragment>
  <div
    class="jsx-4077258734 container"
  >
    <main
      class="jsx-4077258734"
    >
      <h1
        class="jsx-4077258734 title"
      >
        Welcome to 
        <a
          class="jsx-4077258734"
          href="https://nextjs.org"
        >
          Next.js!
        </a>
      </h1>
      <p
        class="jsx-4077258734 description"
      >
        Get started by editing 
        <code
          class="jsx-4077258734"
        >
          pages/index.tsx
        </code>
      </p>
      <button
        class="jsx-4077258734"
      >
        Test Button
      </button>
      <div
        class="jsx-4077258734 grid"
      >
        <a
          class="jsx-4077258734 card"
          href="https://nextjs.org/docs"
        >
          <h3
            class="jsx-4077258734"
          >
            Documentation →
          </h3>
          <p
            class="jsx-4077258734"
          >
            Find in-depth information about Next.js features and API.
          </p>
        </a>
        <a
          class="jsx-4077258734 card"
          href="https://nextjs.org/learn"
        >
          <h3
            class="jsx-4077258734"
          >
            Learn →
          </h3>
          <p
            class="jsx-4077258734"
          >
            Learn about Next.js in an interactive course with quizzes!
          </p>
        </a>
        <a
          class="jsx-4077258734 card"
          href="https://github.com/vercel/next.js/tree/master/examples"
        >
          <h3
            class="jsx-4077258734"
          >
            Examples →
          </h3>
          <p
            class="jsx-4077258734"
          >
            Discover and deploy boilerplate example Next.js projects.
          </p>
        </a>
        <a
          class="jsx-4077258734 card"
          href="https://vercel.com/import?filter=next.js&utm_source=create-next-app&utm_medium=default-template&utm_campaign=create-next-app"
        >
          <h3
            class="jsx-4077258734"
          >
            Deploy →
          </h3>
          <p
            class="jsx-4077258734"
          >
            Instantly deploy your Next.js site to a public URL with Vercel.
          </p>
        </a>
      </div>
    </main>
    <footer
      class="jsx-4077258734"
    >
      <a
        class="jsx-4077258734"
        href="https://vercel.com?utm_source=create-next-app&utm_medium=default-template&utm_campaign=create-next-app"
        rel="noopener noreferrer"
        target="_blank"
      >
        Powered by 
        <img
          alt="Vercel Logo"
          class="jsx-4077258734 logo"
          src="/vercel.svg"
        />
      </a>
    </footer>
  </div>
</DocumentFragment>
`;
